0000 0000	0000 0000 0000 0000 0000 0000 0000 0001	1010	1100 1101 1111 1111 1111 0001 0111 1111	0000 0000 0000 0000 0000 0000 0000 1001
0000 0001	0000 0000 0000 0000 0000 0000 0000 0000	1010	0000 0000 0000 0000 0000 0000 0000 1001	1100 1101 1111 1111 1111 0001 0111 1111
0000 0010	0000 0000 0000 0000 0000 0000 0000 0101	0001	0000 0000 0000 0000 0000 0000 0000 1000	0000 0000 0000 0000 0000 0000 0000 0011
0000 0011	1111 1111 1111 0000 1111 1111 1111 1110	0001	1111 1111 1111 0000 0000 0000 0000 0111	1111 1111 1111 1111 0000 0000 0000 1001
0000 0100	0000 0000 0000 0000 0000 0000 0000 0000	1010	0000 0000 0000 0000 0000 0000 0000 0000	0000 0000 0000 0000 0000 0000 0000 0000
0000 0101	0000 0000 0000 0000 0000 0000 0000 0000	0001	0000 0000 0000 0000 0000 0000 0000 0000	0000 0000 0000 0000 0000 0000 0000 0000
