Op#	ALUSel	InputA		InputB		ALU_Output
00	e	00000000	00000001	00000001
01	e	2abdbd54	00000001	00000001
02	e	00007fff	00000001	00000000
03	e	00000001	ee999977	00000000
