0000 0000	0000 0000 0000 0000 0000 0000 0000 0001	1110	0000 0000 0000 0000 0000 0000 0000 0000	0000 0000 0000 0000 0000 0000 0000 0001
0000 0001	0000 0000 0000 0000 0000 0000 0000 0001	1110	0010 1010 1011 1101 1011 1101 0101 0100	0000 0000 0000 0000 0000 0000 0000 0001
0000 0010	0000 0000 0000 0000 0000 0000 0000 0000	1110	0000 0000 0000 0000 0111 1111 1111 1111	0000 0000 0000 0000 0000 0000 0000 0001
0000 0011	0000 0000 0000 0000 0000 0000 0000 0001	1110	0000 0000 0000 0000 0000 0000 0000 0001	1110 1110 1001 1001 1001 1001 0111 0111
